[combine] t0=0 dil=0 k=1 proxy=0.0585 catalogue=0.0580 px=5,167,373
[combine] t0=0 dil=0 k=2 proxy=0.0585 catalogue=0.0580 px=5,167,373
[combine] t0=0.0001 dil=0 k=1 proxy=0.0585 catalogue=0.0580 px=5,167,373
[combine] t0=0.0001 dil=0 k=2 proxy=0.0585 catalogue=0.0580 px=5,167,373
[combine] t0=0.000170845 dil=0 k=1 proxy=0.0585 catalogue=0.0580 px=5,167,373
[combine] t0=0.000170845 dil=0 k=2 proxy=0.0585 catalogue=0.0580 px=5,167,373
[combine] t0=0.00029188 dil=0 k=1 proxy=0.0585 catalogue=0.0580 px=5,167,373
[combine] t0=0.00029188 dil=0 k=2 proxy=0.0585 catalogue=0.0580 px=5,166,673
[combine] t0=0.000498663 dil=0 k=1 proxy=0.0585 catalogue=0.0580 px=5,167,373
[combine] t0=0.000498663 dil=0 k=2 proxy=0.0586 catalogue=0.0581 px=5,158,561
[combine] t0=0.000851942 dil=0 k=1 proxy=0.0585 catalogue=0.0580 px=5,167,112
[combine] t0=0.000851942 dil=0 k=2 proxy=0.0590 catalogue=0.0584 px=5,127,232
[combine] t0=0.0014555 dil=0 k=1 proxy=0.0586 catalogue=0.0580 px=5,160,617
[combine] t0=0.0014555 dil=0 k=2 proxy=0.0599 catalogue=0.0591 px=5,041,607
[combine] t0=0.00248665 dil=0 k=1 proxy=0.0588 catalogue=0.0582 px=5,141,464
[combine] t0=0.00248665 dil=0 k=2 proxy=0.0620 catalogue=0.0605 px=4,867,302
[combine] t0=0.00424832 dil=0 k=1 proxy=0.0595 catalogue=0.0590 px=5,077,816
[combine] t0=0.00424832 dil=0 k=2 proxy=0.0658 catalogue=0.0631 px=4,580,682
[combine] t0=0.00725805 dil=0 k=1 proxy=0.0614 catalogue=0.0608 px=4,919,808
[combine] t0=0.00725805 dil=0 k=2 proxy=0.0722 catalogue=0.0677 px=4,152,042
[combine] t0=0.0124 dil=0 k=1 proxy=0.0652 catalogue=0.0644 px=4,617,891
[combine] t0=0.0124 dil=0 k=2 proxy=0.0810 catalogue=0.0733 px=3,668,677
[combine] t0=0.0211848 dil=0 k=1 proxy=0.0726 catalogue=0.0706 px=4,126,342
[combine] t0=0.0211848 dil=0 k=2 proxy=0.0917 catalogue=0.0781 px=3,184,803
[combine] t0=0.0361932 dil=0 k=1 proxy=0.0835 catalogue=0.0786 px=3,537,971
[combine] t0=0.0361932 dil=0 k=2 proxy=0.1059 catalogue=0.0825 px=2,652,083
[combine] t0=0.0618344 dil=0 k=1 proxy=0.0984 catalogue=0.0882 px=2,901,583
[combine] t0=0.0618344 dil=0 k=2 proxy=0.1316 catalogue=0.0915 px=1,935,622
[combine] t0=0.105641 dil=0 k=1 proxy=0.1268 catalogue=0.1063 px=2,047,688
[combine] t0=0.105641 dil=0 k=2 proxy=0.1811 catalogue=0.1075 px=1,080,778
[combine] t0=0.180482 dil=0 k=1 proxy=0.1710 catalogue=0.1371 px=1,169,607
[combine] t0=0.180482 dil=0 k=2 proxy=0.2350 catalogue=0.1206 px=378,103
[combine] t0=0.308345 dil=0 k=1 proxy=0.1942 catalogue=0.1709 px=592,341
[combine] t0=0.308345 dil=0 k=2 proxy=0.1554 catalogue=0.0896 px=75,617
[combine] t0=0.526793 dil=0 k=1 proxy=0.1707 catalogue=0.1890 px=359,015
[combine] t0=0.526793 dil=0 k=2 proxy=0.0342 catalogue=0.0324 px=8,256
[combine] t0=0.9 dil=0 k=1 proxy=0.1479 catalogue=0.1940 px=325,165
[combine] t0=0.9 dil=0 k=2 proxy=0.0099 catalogue=0.0214 px=3,698
[combine] selected t0=0.180482 dilate=0 k=2 proxy_dti=0.2350
[combine] wrote data/evidence/union_po_loo/drop_nff43/submission.tif (550,554 B, sha256 47174e2b95eec273...)
[combine] suggested Note: nff-po-drop-nff43 · union k=2 of 5 members (t0=0.18, w=0)
