wrote the normalised document text to data/evidence/rules_extracted_text.txt (49888 chars)
page trace: 19 pages; first page head='Geologic Enhanced Mapping' tail='SEPTEMBER 2026'
page furniture removed before matching: 18 line(s) - ['2', '3', '4', '5', '6', '7', '8', '9', '10', '11']... (recorded in the report)
OK   two_phases           §1.1   Participants will submit a single entry, which will be evaluated in two ...
OK   phase1_target        §1.1   In Phase 1, submissions will be evaluated against a privately withheld s...
OK   experts_revise       §1.1   After Phase 1, expert reviewers will use submitted predictions to revise...
OK   phase2_eligibility   §1.1   All Phase 1 competitors will be eligible to compete in Phase 2 and will ...
OK   phase2_target        §1.1   Submissions will be reevaluated against the full, revised new fault data...
OK   prize_pools          §1.1   The Phase 2 prize pool of $250,000 will be distributed among the top fiv...
OK   labels_source        §2     The labels for this prize come from the USGS Quaternary Fault and Fold D...
OK   ranking_basis        §3.2   Second-round prize rankings will be determined by running the selected f...
OK   features_source      §2     The feature data for this prize come from the recently released Geoscien...
OK   dem_is_a_feature     §2     In addition, the feature data also contain U.S. Geological Survey (USGS)...
OK   single_geotiff       §3.2   You must submit a single GeoTIFF with a single raster layer at 100-meter...
OK   weekly_limit         §3.2   You can make multiple submissions, subject to the limits specified on th...
OK   ai_disclosure        §3.2   you must indicate in the narrative (not included in the word count) the ...
OK   code_assets          §3.2   The solution assets must contain a description of the resources required...
OK   prize_split          §1.1   There will be two phases of prize awards....
OK   phase1_pool_amount   §1.1   The Phase 1 pool of $50,000 will be distributed equally among the top fi...
OK   experts_update_labels §1.1   A panel of experts will then use the submitted predictions to update fau...
OK   features_single_geotiff §3.3   This dataset will be provided as a single multiband GeoTIFF, with one fe...
OK   dem_download_instructions §3.3   In addition, instructions will be provided for downloading USGS DEM elev...
OK   all_faults           §3.3   Competitors will submit their predictions for all faults in the GeoDAWN ...
OK   one_final_submission §3.5   Before the end of the competition, you must choose only one submission f...
OK   one_final_per_entity §3.4   Each participating entity (team, organization, or individual prize compe...
OK   no_private_knowledge §3.6.2 You must choose only one submission to use for scoring across both prize...
OK   test_set_composition §3.6.2 The set of faults included in the public test dataset and the relative w...
OK   entry                §3.1   To enter the competition, you must create a profile on the DrivenData pl...
OK   citizen              §1.3   An individual prize competitor (who is not competing as a member of a gr...
OK   payment              §A.2   Each competitor must sign and return to the prize administrator within 3...
OK   public_elements      §A.4   The elements of the submission that are designated as public will become...
OK   single_award         §A.3   The prize administrator will award a single dollar amount to the designa...

wrote data/evidence/rules_quotes.json: 29/29 quotes found; sha256 50d854b1e0239fe6b9648d9fa5c7537bc7b6e5bc10cf6b37a2ff9aa401c36938
quotes found: 29/29; all_found=True
canonical sha256: 50d854b1e0239fe6b9648d9fa5c7537bc7b6e5bc10cf6b37a2ff9aa401c36938
mirror identical: True
