[combine] t0=0 dil=0 k=1 proxy=0.0585 catalogue=0.0580 px=5,167,373
[combine] t0=0 dil=0 k=2 proxy=0.0585 catalogue=0.0580 px=5,167,373
[combine] t0=0.0001 dil=0 k=1 proxy=0.0585 catalogue=0.0580 px=5,167,373
[combine] t0=0.0001 dil=0 k=2 proxy=0.0585 catalogue=0.0580 px=5,167,373
[combine] t0=0.000170845 dil=0 k=1 proxy=0.0585 catalogue=0.0580 px=5,167,373
[combine] t0=0.000170845 dil=0 k=2 proxy=0.0585 catalogue=0.0580 px=5,167,373
[combine] t0=0.00029188 dil=0 k=1 proxy=0.0585 catalogue=0.0580 px=5,167,373
[combine] t0=0.00029188 dil=0 k=2 proxy=0.0585 catalogue=0.0580 px=5,167,288
[combine] t0=0.000498663 dil=0 k=1 proxy=0.0585 catalogue=0.0580 px=5,167,373
[combine] t0=0.000498663 dil=0 k=2 proxy=0.0586 catalogue=0.0580 px=5,162,214
[combine] t0=0.000851942 dil=0 k=1 proxy=0.0585 catalogue=0.0580 px=5,167,124
[combine] t0=0.000851942 dil=0 k=2 proxy=0.0587 catalogue=0.0582 px=5,147,831
[combine] t0=0.0014555 dil=0 k=1 proxy=0.0586 catalogue=0.0580 px=5,162,513
[combine] t0=0.0014555 dil=0 k=2 proxy=0.0592 catalogue=0.0586 px=5,105,535
[combine] t0=0.00248665 dil=0 k=1 proxy=0.0587 catalogue=0.0582 px=5,147,465
[combine] t0=0.00248665 dil=0 k=2 proxy=0.0603 catalogue=0.0597 px=5,007,176
[combine] t0=0.00424832 dil=0 k=1 proxy=0.0593 catalogue=0.0588 px=5,096,107
[combine] t0=0.00424832 dil=0 k=2 proxy=0.0627 catalogue=0.0613 px=4,816,169
[combine] t0=0.00725805 dil=0 k=1 proxy=0.0608 catalogue=0.0602 px=4,970,756
[combine] t0=0.00725805 dil=0 k=2 proxy=0.0669 catalogue=0.0642 px=4,498,550
[combine] t0=0.0124 dil=0 k=1 proxy=0.0640 catalogue=0.0633 px=4,709,189
[combine] t0=0.0124 dil=0 k=2 proxy=0.0738 catalogue=0.0690 px=4,051,682
[combine] t0=0.0211848 dil=0 k=1 proxy=0.0705 catalogue=0.0690 px=4,253,750
[combine] t0=0.0211848 dil=0 k=2 proxy=0.0831 catalogue=0.0744 px=3,560,222
[combine] t0=0.0361932 dil=0 k=1 proxy=0.0804 catalogue=0.0765 px=3,694,490
[combine] t0=0.0361932 dil=0 k=2 proxy=0.0950 catalogue=0.0799 px=3,046,652
[combine] t0=0.0618344 dil=0 k=1 proxy=0.0934 catalogue=0.0850 px=3,099,183
[combine] t0=0.0618344 dil=0 k=2 proxy=0.1158 catalogue=0.0890 px=2,352,877
[combine] t0=0.105641 dil=0 k=1 proxy=0.1182 catalogue=0.1009 px=2,281,580
[combine] t0=0.105641 dil=0 k=2 proxy=0.1610 catalogue=0.1096 px=1,421,485
[combine] t0=0.180482 dil=0 k=1 proxy=0.1648 catalogue=0.1326 px=1,326,069
[combine] t0=0.180482 dil=0 k=2 proxy=0.2311 catalogue=0.1382 px=543,625
[combine] t0=0.308345 dil=0 k=1 proxy=0.1982 catalogue=0.1734 px=640,541
[combine] t0=0.308345 dil=0 k=2 proxy=0.1828 catalogue=0.1249 px=112,397
[combine] t0=0.526793 dil=0 k=1 proxy=0.1723 catalogue=0.1906 px=365,445
[combine] t0=0.526793 dil=0 k=2 proxy=0.0397 catalogue=0.0427 px=12,101
[combine] t0=0.9 dil=0 k=1 proxy=0.1479 catalogue=0.1940 px=325,165
[combine] t0=0.9 dil=0 k=2 proxy=0.0099 catalogue=0.0214 px=3,698
[combine] selected t0=0.180482 dilate=0 k=2 proxy_dti=0.2311
[combine] wrote data/evidence/union_po/submission.tif (598,586 B, sha256 f49b8ae2d90ac3f4...)
[combine] suggested Note: nff-po-union-6 · union k=2 of 6 members (t0=0.18, w=0)
