[combine] t0=0 dil=0 k=1 proxy=0.0585 catalogue=0.0580 px=5,167,373
[combine] t0=0 dil=0 k=2 proxy=0.0585 catalogue=0.0580 px=5,167,373
[combine] t0=0.0001 dil=0 k=1 proxy=0.0585 catalogue=0.0580 px=5,167,373
[combine] t0=0.0001 dil=0 k=2 proxy=0.0585 catalogue=0.0580 px=5,167,368
[combine] t0=0.000170845 dil=0 k=1 proxy=0.0585 catalogue=0.0580 px=5,167,373
[combine] t0=0.000170845 dil=0 k=2 proxy=0.0585 catalogue=0.0580 px=5,166,903
[combine] t0=0.00029188 dil=0 k=1 proxy=0.0585 catalogue=0.0580 px=5,167,288
[combine] t0=0.00029188 dil=0 k=2 proxy=0.0585 catalogue=0.0580 px=5,163,019
[combine] t0=0.000498663 dil=0 k=1 proxy=0.0586 catalogue=0.0580 px=5,162,214
[combine] t0=0.000498663 dil=0 k=2 proxy=0.0587 catalogue=0.0582 px=5,148,675
[combine] t0=0.000851942 dil=0 k=1 proxy=0.0587 catalogue=0.0582 px=5,148,025
[combine] t0=0.000851942 dil=0 k=2 proxy=0.0592 catalogue=0.0586 px=5,109,489
[combine] t0=0.0014555 dil=0 k=1 proxy=0.0592 catalogue=0.0586 px=5,107,871
[combine] t0=0.0014555 dil=0 k=2 proxy=0.0603 catalogue=0.0595 px=5,011,548
[combine] t0=0.00248665 dil=0 k=1 proxy=0.0602 catalogue=0.0596 px=5,015,653
[combine] t0=0.00248665 dil=0 k=2 proxy=0.0624 catalogue=0.0608 px=4,837,339
[combine] t0=0.00424832 dil=0 k=1 proxy=0.0623 catalogue=0.0610 px=4,843,508
[combine] t0=0.00424832 dil=0 k=2 proxy=0.0659 catalogue=0.0631 px=4,570,534
[combine] t0=0.00725805 dil=0 k=1 proxy=0.0659 catalogue=0.0633 px=4,569,947
[combine] t0=0.00725805 dil=0 k=2 proxy=0.0718 catalogue=0.0671 px=4,171,122
[combine] t0=0.0124 dil=0 k=1 proxy=0.0718 catalogue=0.0673 px=4,176,897
[combine] t0=0.0124 dil=0 k=2 proxy=0.0801 catalogue=0.0721 px=3,700,274
[combine] t0=0.0211848 dil=0 k=1 proxy=0.0795 catalogue=0.0719 px=3,741,444
[combine] t0=0.0211848 dil=0 k=2 proxy=0.0911 catalogue=0.0772 px=3,175,028
[combine] t0=0.0361932 dil=0 k=1 proxy=0.0889 catalogue=0.0770 px=3,292,999
[combine] t0=0.0361932 dil=0 k=2 proxy=0.1057 catalogue=0.0831 px=2,614,029
[combine] t0=0.0618344 dil=0 k=1 proxy=0.1042 catalogue=0.0848 px=2,709,744
[combine] t0=0.0618344 dil=0 k=2 proxy=0.1322 catalogue=0.0951 px=1,862,626
[combine] t0=0.105641 dil=0 k=1 proxy=0.1328 catalogue=0.1004 px=1,962,557
[combine] t0=0.105641 dil=0 k=2 proxy=0.1837 catalogue=0.1197 px=978,319
[combine] t0=0.180482 dil=0 k=1 proxy=0.1801 catalogue=0.1286 px=1,146,542
[combine] t0=0.180482 dil=0 k=2 proxy=0.2294 catalogue=0.1401 px=335,054
[combine] t0=0.308345 dil=0 k=1 proxy=0.2047 catalogue=0.1667 px=589,960
[combine] t0=0.308345 dil=0 k=2 proxy=0.1467 catalogue=0.1059 px=71,515
[combine] t0=0.526793 dil=0 k=1 proxy=0.1729 catalogue=0.1891 px=360,678
[combine] t0=0.526793 dil=0 k=2 proxy=0.0356 catalogue=0.0375 px=10,279
[combine] t0=0.9 dil=0 k=1 proxy=0.1479 catalogue=0.1940 px=325,165
[combine] t0=0.9 dil=0 k=2 proxy=0.0099 catalogue=0.0214 px=3,698
[combine] selected t0=0.180482 dilate=0 k=2 proxy_dti=0.2294
[combine] wrote data/evidence/union_po_loo/drop_nff42/submission.tif (547,082 B, sha256 c1da7dd9c44e0538...)
[combine] suggested Note: nff-po-drop-nff42 · union k=2 of 5 members (t0=0.18, w=0)
