normalisation stats: outputs/norm_stats.json (train-time, reused)
model_mc0_unet_mobilenet_v2.pt: arch=unet encoder=mobilenet_v2 in_ch=19

inference:   0%|          | 0/370 [00:00<?, ?it/s]
inference:   0%|          | 1/370 [00:00<00:50,  7.29it/s]
inference:   1%|          | 2/370 [00:00<00:45,  8.04it/s]
inference:   1%|          | 3/370 [00:00<00:42,  8.58it/s]
inference:   1%|          | 4/370 [00:00<00:42,  8.67it/s]
inference:   1%|▏         | 5/370 [00:00<00:40,  8.98it/s]
inference:   2%|▏         | 6/370 [00:00<00:40,  9.02it/s]
inference:   2%|▏         | 7/370 [00:00<00:39,  9.26it/s]
inference:   2%|▏         | 8/370 [00:00<00:39,  9.21it/s]
inference:   2%|▏         | 9/370 [00:01<00:38,  9.34it/s]
inference:   3%|▎         | 10/370 [00:01<00:38,  9.27it/s]
inference:   3%|▎         | 11/370 [00:01<00:38,  9.41it/s]
inference:   3%|▎         | 12/370 [00:01<00:38,  9.33it/s]
inference:   4%|▎         | 13/370 [00:01<00:37,  9.41it/s]
inference:   4%|▍         | 14/370 [00:01<00:38,  9.35it/s]
inference:   4%|▍         | 15/370 [00:01<00:37,  9.45it/s]
inference:   4%|▍         | 16/370 [00:01<00:37,  9.38it/s]
inference:   5%|▍         | 17/370 [00:01<00:37,  9.52it/s]
inference:   5%|▍         | 18/370 [00:01<00:37,  9.37it/s]
inference:   5%|▌         | 19/370 [00:02<00:37,  9.43it/s]
inference:   5%|▌         | 20/370 [00:02<00:37,  9.31it/s]
inference:   6%|▌         | 21/370 [00:02<00:37,  9.31it/s]
inference:   6%|▌         | 22/370 [00:02<00:38,  9.15it/s]
inference:   6%|▌         | 23/370 [00:02<00:37,  9.29it/s]
inference:   6%|▋         | 24/370 [00:02<00:37,  9.23it/s]
inference:   7%|▋         | 25/370 [00:02<00:37,  9.32it/s]
inference:   7%|▋         | 26/370 [00:02<00:37,  9.27it/s]
inference:   7%|▋         | 27/370 [00:02<00:36,  9.39it/s]
inference:   8%|▊         | 28/370 [00:03<00:36,  9.29it/s]
inference:   8%|▊         | 29/370 [00:03<00:36,  9.34it/s]
inference:   8%|▊         | 30/370 [00:03<00:37,  9.13it/s]
inference:   8%|▊         | 31/370 [00:03<00:36,  9.20it/s]
inference:   9%|▊         | 32/370 [00:03<00:37,  9.07it/s]
inference:   9%|▉         | 33/370 [00:03<00:36,  9.23it/s]
inference:   9%|▉         | 34/370 [00:03<00:36,  9.20it/s]
inference:   9%|▉         | 35/370 [00:03<00:36,  9.27it/s]
inference:  10%|▉         | 36/370 [00:03<00:36,  9.22it/s]
inference:  10%|█         | 37/370 [00:04<00:35,  9.30it/s]
inference:  10%|█         | 38/370 [00:04<00:36,  9.15it/s]
inference:  11%|█         | 39/370 [00:04<00:35,  9.26it/s]
inference:  11%|█         | 40/370 [00:04<00:35,  9.24it/s]
inference:  11%|█         | 41/370 [00:04<00:35,  9.32it/s]
inference:  11%|█▏        | 42/370 [00:04<00:35,  9.20it/s]
inference:  12%|█▏        | 43/370 [00:04<00:35,  9.31it/s]
inference:  12%|█▏        | 44/370 [00:04<00:35,  9.21it/s]
inference:  12%|█▏        | 45/370 [00:04<00:35,  9.22it/s]
inference:  12%|█▏        | 46/370 [00:04<00:35,  9.12it/s]
inference:  13%|█▎        | 47/370 [00:05<00:35,  9.21it/s]
inference:  13%|█▎        | 48/370 [00:05<00:35,  9.09it/s]
inference:  13%|█▎        | 49/370 [00:05<00:34,  9.20it/s]
inference:  14%|█▎        | 50/370 [00:05<00:35,  9.09it/s]
inference:  14%|█▍        | 51/370 [00:05<00:34,  9.24it/s]
inference:  14%|█▍        | 52/370 [00:05<00:34,  9.19it/s]
inference:  14%|█▍        | 53/370 [00:05<00:34,  9.22it/s]
inference:  15%|█▍        | 54/370 [00:05<00:34,  9.10it/s]
inference:  15%|█▍        | 55/370 [00:05<00:34,  9.24it/s]
inference:  15%|█▌        | 56/370 [00:06<00:34,  9.17it/s]
inference:  15%|█▌        | 57/370 [00:06<00:33,  9.29it/s]
inference:  16%|█▌        | 58/370 [00:06<00:33,  9.20it/s]
inference:  16%|█▌        | 59/370 [00:06<00:33,  9.32it/s]
inference:  16%|█▌        | 60/370 [00:06<00:33,  9.24it/s]
inference:  16%|█▋        | 61/370 [00:06<00:33,  9.36it/s]
inference:  17%|█▋        | 62/370 [00:06<00:33,  9.22it/s]
inference:  17%|█▋        | 63/370 [00:06<00:32,  9.34it/s]
inference:  17%|█▋        | 64/370 [00:06<00:33,  9.19it/s]
inference:  18%|█▊        | 65/370 [00:07<00:32,  9.28it/s]
inference:  18%|█▊        | 66/370 [00:07<00:33,  9.13it/s]
inference:  18%|█▊        | 67/370 [00:07<00:32,  9.26it/s]
inference:  18%|█▊        | 68/370 [00:07<00:32,  9.17it/s]
inference:  19%|█▊        | 69/370 [00:07<00:32,  9.30it/s]
inference:  19%|█▉        | 70/370 [00:07<00:32,  9.20it/s]
inference:  19%|█▉        | 71/370 [00:07<00:32,  9.25it/s]
inference:  19%|█▉        | 72/370 [00:07<00:32,  9.16it/s]
inference:  20%|█▉        | 73/370 [00:07<00:32,  9.26it/s]
inference:  20%|██        | 74/370 [00:08<00:32,  9.19it/s]
inference:  20%|██        | 75/370 [00:08<00:31,  9.30it/s]
inference:  21%|██        | 76/370 [00:08<00:31,  9.22it/s]
inference:  21%|██        | 77/370 [00:08<00:31,  9.37it/s]
inference:  21%|██        | 78/370 [00:08<00:31,  9.22it/s]
inference:  21%|██▏       | 79/370 [00:08<00:31,  9.34it/s]
inference:  22%|██▏       | 80/370 [00:08<00:31,  9.22it/s]
inference:  22%|██▏       | 81/370 [00:08<00:31,  9.26it/s]
inference:  22%|██▏       | 82/370 [00:08<00:31,  9.12it/s]
inference:  22%|██▏       | 83/370 [00:09<00:30,  9.28it/s]
inference:  23%|██▎       | 84/370 [00:09<00:31,  9.18it/s]
inference:  23%|██▎       | 85/370 [00:09<00:30,  9.32it/s]
inference:  23%|██▎       | 86/370 [00:09<00:30,  9.22it/s]
inference:  24%|██▎       | 87/370 [00:09<00:30,  9.35it/s]
inference:  24%|██▍       | 88/370 [00:09<00:30,  9.18it/s]
inference:  24%|██▍       | 89/370 [00:09<00:30,  9.31it/s]
inference:  24%|██▍       | 90/370 [00:09<00:30,  9.20it/s]
inference:  25%|██▍       | 91/370 [00:09<00:30,  9.28it/s]
inference:  25%|██▍       | 92/370 [00:09<00:30,  9.16it/s]
inference:  25%|██▌       | 93/370 [00:10<00:29,  9.25it/s]
inference:  25%|██▌       | 94/370 [00:10<00:30,  9.18it/s]
inference:  26%|██▌       | 95/370 [00:10<00:29,  9.33it/s]
inference:  26%|██▌       | 96/370 [00:10<00:29,  9.26it/s]
inference:  26%|██▌       | 97/370 [00:10<00:29,  9.41it/s]
inference:  26%|██▋       | 98/370 [00:10<00:29,  9.31it/s]
inference:  27%|██▋       | 99/370 [00:10<00:28,  9.43it/s]
inference:  27%|██▋       | 100/370 [00:10<00:28,  9.34it/s]
inference:  27%|██▋       | 101/370 [00:10<00:28,  9.43it/s]
inference:  28%|██▊       | 102/370 [00:11<00:28,  9.26it/s]
inference:  28%|██▊       | 103/370 [00:11<00:28,  9.40it/s]
inference:  28%|██▊       | 104/370 [00:11<00:28,  9.34it/s]
inference:  28%|██▊       | 105/370 [00:11<00:27,  9.47it/s]
inference:  29%|██▊       | 106/370 [00:11<00:28,  9.35it/s]
inference:  29%|██▉       | 107/370 [00:11<00:27,  9.49it/s]
inference:  29%|██▉       | 108/370 [00:11<00:27,  9.37it/s]
inference:  29%|██▉       | 109/370 [00:11<00:27,  9.45it/s]
inference:  30%|██▉       | 110/370 [00:11<00:27,  9.31it/s]
inference:  30%|███       | 111/370 [00:12<00:27,  9.45it/s]
inference:  30%|███       | 112/370 [00:12<00:27,  9.35it/s]
inference:  31%|███       | 113/370 [00:12<00:27,  9.47it/s]
inference:  31%|███       | 114/370 [00:12<00:27,  9.32it/s]
inference:  31%|███       | 115/370 [00:12<00:27,  9.43it/s]
inference:  31%|███▏      | 116/370 [00:12<00:27,  9.32it/s]
inference:  32%|███▏      | 117/370 [00:12<00:26,  9.39it/s]
inference:  32%|███▏      | 118/370 [00:12<00:27,  9.20it/s]
inference:  32%|███▏      | 119/370 [00:12<00:26,  9.34it/s]
inference:  32%|███▏      | 120/370 [00:12<00:27,  9.25it/s]
inference:  33%|███▎      | 121/370 [00:13<00:26,  9.41it/s]
inference:  33%|███▎      | 122/370 [00:13<00:26,  9.32it/s]
inference:  33%|███▎      | 123/370 [00:13<00:26,  9.40it/s]
inference:  34%|███▎      | 124/370 [00:13<00:26,  9.24it/s]
inference:  34%|███▍      | 125/370 [00:13<00:26,  9.37it/s]
inference:  34%|███▍      | 126/370 [00:13<00:26,  9.20it/s]
inference:  34%|███▍      | 127/370 [00:13<00:25,  9.37it/s]
inference:  35%|███▍      | 128/370 [00:13<00:26,  9.29it/s]
inference:  35%|███▍      | 129/370 [00:13<00:25,  9.41it/s]
inference:  35%|███▌      | 130/370 [00:14<00:25,  9.30it/s]
inference:  35%|███▌      | 131/370 [00:14<00:25,  9.45it/s]
inference:  36%|███▌      | 132/370 [00:14<00:25,  9.30it/s]
inference:  36%|███▌      | 133/370 [00:14<00:25,  9.40it/s]
inference:  36%|███▌      | 134/370 [00:14<00:25,  9.25it/s]
inference:  36%|███▋      | 135/370 [00:14<00:25,  9.35it/s]
inference:  37%|███▋      | 136/370 [00:14<00:25,  9.25it/s]
inference:  37%|███▋      | 137/370 [00:14<00:24,  9.34it/s]
inference:  37%|███▋      | 138/370 [00:14<00:25,  9.20it/s]
inference:  38%|███▊      | 139/370 [00:15<00:24,  9.33it/s]
inference:  38%|███▊      | 140/370 [00:15<00:24,  9.21it/s]
inference:  38%|███▊      | 141/370 [00:15<00:24,  9.31it/s]
inference:  38%|███▊      | 142/370 [00:15<00:24,  9.20it/s]
inference:  39%|███▊      | 143/370 [00:15<00:24,  9.31it/s]
inference:  39%|███▉      | 144/370 [00:15<00:24,  9.21it/s]
inference:  39%|███▉      | 145/370 [00:15<00:24,  9.30it/s]
inference:  39%|███▉      | 146/370 [00:15<00:24,  9.17it/s]
inference:  40%|███▉      | 147/370 [00:15<00:23,  9.35it/s]
inference:  40%|████      | 148/370 [00:15<00:24,  9.24it/s]
inference:  40%|████      | 149/370 [00:16<00:23,  9.39it/s]
inference:  41%|████      | 150/370 [00:16<00:23,  9.31it/s]
inference:  41%|████      | 151/370 [00:16<00:23,  9.43it/s]
inference:  41%|████      | 152/370 [00:16<00:23,  9.38it/s]
inference:  41%|████▏     | 153/370 [00:16<00:22,  9.44it/s]
inference:  42%|████▏     | 154/370 [00:16<00:23,  9.25it/s]
inference:  42%|████▏     | 155/370 [00:16<00:22,  9.36it/s]
inference:  42%|████▏     | 156/370 [00:16<00:23,  9.22it/s]
inference:  42%|████▏     | 157/370 [00:16<00:22,  9.34it/s]
inference:  43%|████▎     | 158/370 [00:17<00:23,  9.16it/s]
inference:  43%|████▎     | 159/370 [00:17<00:22,  9.32it/s]
inference:  43%|████▎     | 160/370 [00:17<00:22,  9.26it/s]
inference:  44%|████▎     | 161/370 [00:17<00:22,  9.44it/s]
inference:  44%|████▍     | 162/370 [00:17<00:22,  9.34it/s]
inference:  44%|████▍     | 163/370 [00:17<00:21,  9.45it/s]
inference:  44%|████▍     | 164/370 [00:17<00:22,  9.22it/s]
inference:  45%|████▍     | 165/370 [00:17<00:21,  9.41it/s]
inference:  45%|████▍     | 166/370 [00:17<00:21,  9.28it/s]
inference:  45%|████▌     | 167/370 [00:18<00:21,  9.39it/s]
inference:  45%|████▌     | 168/370 [00:18<00:21,  9.26it/s]
inference:  46%|████▌     | 169/370 [00:18<00:21,  9.45it/s]
inference:  46%|████▌     | 170/370 [00:18<00:21,  9.36it/s]
inference:  46%|████▌     | 171/370 [00:18<00:20,  9.50it/s]
inference:  46%|████▋     | 172/370 [00:18<00:21,  9.40it/s]
inference:  47%|████▋     | 173/370 [00:18<00:20,  9.56it/s]
inference:  47%|████▋     | 174/370 [00:18<00:20,  9.40it/s]
inference:  47%|████▋     | 175/370 [00:18<00:20,  9.55it/s]
inference:  48%|████▊     | 176/370 [00:18<00:20,  9.41it/s]
inference:  48%|████▊     | 177/370 [00:19<00:20,  9.52it/s]
inference:  48%|████▊     | 178/370 [00:19<00:20,  9.43it/s]
inference:  48%|████▊     | 179/370 [00:19<00:19,  9.58it/s]
inference:  49%|████▊     | 180/370 [00:19<00:20,  9.47it/s]
inference:  49%|████▉     | 181/370 [00:19<00:19,  9.62it/s]
inference:  49%|████▉     | 182/370 [00:19<00:19,  9.51it/s]
inference:  49%|████▉     | 183/370 [00:19<00:19,  9.56it/s]
inference:  50%|████▉     | 184/370 [00:19<00:19,  9.32it/s]
inference:  50%|█████     | 185/370 [00:19<00:19,  9.50it/s]
inference:  50%|█████     | 186/370 [00:20<00:19,  9.44it/s]
inference:  51%|█████     | 187/370 [00:20<00:19,  9.59it/s]
inference:  51%|█████     | 188/370 [00:20<00:19,  9.49it/s]
inference:  51%|█████     | 189/370 [00:20<00:18,  9.58it/s]
inference:  51%|█████▏    | 190/370 [00:20<00:18,  9.49it/s]
inference:  52%|█████▏    | 191/370 [00:20<00:18,  9.64it/s]
inference:  52%|█████▏    | 192/370 [00:20<00:18,  9.56it/s]
inference:  52%|█████▏    | 193/370 [00:20<00:18,  9.68it/s]
inference:  52%|█████▏    | 194/370 [00:20<00:18,  9.54it/s]
inference:  53%|█████▎    | 195/370 [00:20<00:18,  9.61it/s]
inference:  53%|█████▎    | 196/370 [00:21<00:18,  9.45it/s]
inference:  53%|█████▎    | 197/370 [00:21<00:18,  9.61it/s]
inference:  54%|█████▎    | 198/370 [00:21<00:18,  9.53it/s]
inference:  54%|█████▍    | 199/370 [00:21<00:17,  9.65it/s]
inference:  54%|█████▍    | 200/370 [00:21<00:17,  9.53it/s]
inference:  54%|█████▍    | 201/370 [00:21<00:17,  9.65it/s]
inference:  55%|█████▍    | 202/370 [00:21<00:17,  9.55it/s]
inference:  55%|█████▍    | 203/370 [00:21<00:17,  9.63it/s]
inference:  55%|█████▌    | 204/370 [00:21<00:17,  9.50it/s]
inference:  55%|█████▌    | 205/370 [00:21<00:17,  9.61it/s]
inference:  56%|█████▌    | 206/370 [00:22<00:17,  9.52it/s]
inference:  56%|█████▌    | 207/370 [00:22<00:16,  9.64it/s]
inference:  56%|█████▌    | 208/370 [00:22<00:17,  9.53it/s]
inference:  56%|█████▋    | 209/370 [00:22<00:16,  9.64it/s]
inference:  57%|█████▋    | 210/370 [00:22<00:16,  9.53it/s]
inference:  57%|█████▋    | 211/370 [00:22<00:16,  9.66it/s]
inference:  57%|█████▋    | 212/370 [00:22<00:16,  9.54it/s]
inference:  58%|█████▊    | 213/370 [00:22<00:16,  9.65it/s]
inference:  58%|█████▊    | 214/370 [00:22<00:16,  9.47it/s]
inference:  58%|█████▊    | 215/370 [00:23<00:16,  9.59it/s]
inference:  58%|█████▊    | 216/370 [00:23<00:16,  9.50it/s]
inference:  59%|█████▊    | 217/370 [00:23<00:15,  9.56it/s]
inference:  59%|█████▉    | 218/370 [00:23<00:16,  9.40it/s]
inference:  59%|█████▉    | 219/370 [00:23<00:15,  9.54it/s]
inference:  59%|█████▉    | 220/370 [00:23<00:15,  9.43it/s]
inference:  60%|█████▉    | 221/370 [00:23<00:15,  9.56it/s]
inference:  60%|██████    | 222/370 [00:23<00:15,  9.40it/s]
inference:  60%|██████    | 223/370 [00:23<00:15,  9.49it/s]
inference:  61%|██████    | 224/370 [00:24<00:15,  9.26it/s]
inference:  61%|██████    | 225/370 [00:24<00:15,  9.40it/s]
inference:  61%|██████    | 226/370 [00:24<00:15,  9.27it/s]
inference:  61%|██████▏   | 227/370 [00:24<00:15,  9.44it/s]
inference:  62%|██████▏   | 228/370 [00:24<00:15,  9.37it/s]
inference:  62%|██████▏   | 229/370 [00:24<00:14,  9.49it/s]
inference:  62%|██████▏   | 230/370 [00:24<00:14,  9.39it/s]
inference:  62%|██████▏   | 231/370 [00:24<00:14,  9.52it/s]
inference:  63%|██████▎   | 232/370 [00:24<00:14,  9.39it/s]
inference:  63%|██████▎   | 233/370 [00:24<00:14,  9.52it/s]
inference:  63%|██████▎   | 234/370 [00:25<00:14,  9.46it/s]
inference:  64%|██████▎   | 235/370 [00:25<00:14,  9.60it/s]
inference:  64%|██████▍   | 236/370 [00:25<00:14,  9.48it/s]
inference:  64%|██████▍   | 237/370 [00:25<00:13,  9.58it/s]
inference:  64%|██████▍   | 238/370 [00:25<00:13,  9.46it/s]
inference:  65%|██████▍   | 239/370 [00:25<00:13,  9.49it/s]
inference:  65%|██████▍   | 240/370 [00:25<00:14,  9.27it/s]
inference:  65%|██████▌   | 241/370 [00:25<00:13,  9.44it/s]
inference:  65%|██████▌   | 242/370 [00:25<00:13,  9.36it/s]
inference:  66%|██████▌   | 243/370 [00:26<00:13,  9.50it/s]
inference:  66%|██████▌   | 244/370 [00:26<00:13,  9.34it/s]
inference:  66%|██████▌   | 245/370 [00:26<00:13,  9.43it/s]
inference:  66%|██████▋   | 246/370 [00:26<00:13,  9.31it/s]
inference:  67%|██████▋   | 247/370 [00:26<00:13,  9.41it/s]
inference:  67%|██████▋   | 248/370 [00:26<00:13,  9.31it/s]
inference:  67%|██████▋   | 249/370 [00:26<00:12,  9.40it/s]
inference:  68%|██████▊   | 250/370 [00:26<00:12,  9.25it/s]
inference:  68%|██████▊   | 251/370 [00:26<00:12,  9.40it/s]
inference:  68%|██████▊   | 252/370 [00:26<00:12,  9.28it/s]
inference:  68%|██████▊   | 253/370 [00:27<00:12,  9.25it/s]
inference:  69%|██████▊   | 254/370 [00:27<00:12,  9.09it/s]
inference:  69%|██████▉   | 255/370 [00:27<00:12,  9.27it/s]
inference:  69%|██████▉   | 256/370 [00:27<00:12,  9.20it/s]
inference:  69%|██████▉   | 257/370 [00:27<00:12,  9.37it/s]
inference:  70%|██████▉   | 258/370 [00:27<00:12,  9.28it/s]
inference:  70%|███████   | 259/370 [00:27<00:11,  9.42it/s]
inference:  70%|███████   | 260/370 [00:27<00:11,  9.31it/s]
inference:  71%|███████   | 261/370 [00:27<00:11,  9.40it/s]
inference:  71%|███████   | 262/370 [00:28<00:11,  9.30it/s]
inference:  71%|███████   | 263/370 [00:28<00:11,  9.41it/s]
inference:  71%|███████▏  | 264/370 [00:28<00:11,  9.30it/s]
inference:  72%|███████▏  | 265/370 [00:28<00:11,  9.42it/s]
inference:  72%|███████▏  | 266/370 [00:28<00:11,  9.25it/s]
inference:  72%|███████▏  | 267/370 [00:28<00:10,  9.38it/s]
inference:  72%|███████▏  | 268/370 [00:28<00:11,  9.25it/s]
inference:  73%|███████▎  | 269/370 [00:28<00:10,  9.42it/s]
inference:  73%|███████▎  | 270/370 [00:28<00:10,  9.33it/s]
inference:  73%|███████▎  | 271/370 [00:29<00:10,  9.40it/s]
inference:  74%|███████▎  | 272/370 [00:29<00:10,  9.27it/s]
inference:  74%|███████▍  | 273/370 [00:29<00:10,  9.39it/s]
inference:  74%|███████▍  | 274/370 [00:29<00:10,  9.27it/s]
inference:  74%|███████▍  | 275/370 [00:29<00:10,  9.34it/s]
inference:  75%|███████▍  | 276/370 [00:29<00:10,  9.16it/s]
inference:  75%|███████▍  | 277/370 [00:29<00:09,  9.32it/s]
inference:  75%|███████▌  | 278/370 [00:29<00:09,  9.22it/s]
inference:  75%|███████▌  | 279/370 [00:29<00:09,  9.32it/s]
inference:  76%|███████▌  | 280/370 [00:29<00:09,  9.15it/s]
inference:  76%|███████▌  | 281/370 [00:30<00:09,  9.31it/s]
inference:  76%|███████▌  | 282/370 [00:30<00:09,  9.27it/s]
inference:  76%|███████▋  | 283/370 [00:30<00:09,  9.41it/s]
inference:  77%|███████▋  | 284/370 [00:30<00:09,  9.31it/s]
inference:  77%|███████▋  | 285/370 [00:30<00:09,  9.36it/s]
inference:  77%|███████▋  | 286/370 [00:30<00:08,  9.34it/s]
inference:  78%|███████▊  | 287/370 [00:30<00:08,  9.37it/s]
inference:  78%|███████▊  | 288/370 [00:30<00:08,  9.23it/s]
inference:  78%|███████▊  | 289/370 [00:30<00:08,  9.33it/s]
inference:  78%|███████▊  | 290/370 [00:31<00:08,  9.17it/s]
inference:  79%|███████▊  | 291/370 [00:31<00:08,  9.29it/s]
inference:  79%|███████▉  | 292/370 [00:31<00:08,  9.21it/s]
inference:  79%|███████▉  | 293/370 [00:31<00:08,  9.32it/s]
inference:  79%|███████▉  | 294/370 [00:31<00:08,  9.17it/s]
inference:  80%|███████▉  | 295/370 [00:31<00:08,  9.32it/s]
inference:  80%|████████  | 296/370 [00:31<00:08,  9.22it/s]
inference:  80%|████████  | 297/370 [00:31<00:07,  9.29it/s]
inference:  81%|████████  | 298/370 [00:31<00:07,  9.22it/s]
inference:  81%|████████  | 299/370 [00:32<00:07,  9.34it/s]
inference:  81%|████████  | 300/370 [00:32<00:07,  9.25it/s]
inference:  81%|████████▏ | 301/370 [00:32<00:07,  9.32it/s]
inference:  82%|████████▏ | 302/370 [00:32<00:07,  9.19it/s]
inference:  82%|████████▏ | 303/370 [00:32<00:07,  9.30it/s]
inference:  82%|████████▏ | 304/370 [00:32<00:07,  9.15it/s]
inference:  82%|████████▏ | 305/370 [00:32<00:07,  9.26it/s]
inference:  83%|████████▎ | 306/370 [00:32<00:07,  9.10it/s]
inference:  83%|████████▎ | 307/370 [00:32<00:06,  9.27it/s]
inference:  83%|████████▎ | 308/370 [00:33<00:06,  9.17it/s]
inference:  84%|████████▎ | 309/370 [00:33<00:06,  9.26it/s]
inference:  84%|████████▍ | 310/370 [00:33<00:06,  9.16it/s]
inference:  84%|████████▍ | 311/370 [00:33<00:06,  9.27it/s]
inference:  84%|████████▍ | 312/370 [00:33<00:06,  9.19it/s]
inference:  85%|████████▍ | 313/370 [00:33<00:06,  9.36it/s]
inference:  85%|████████▍ | 314/370 [00:33<00:06,  9.26it/s]
inference:  85%|████████▌ | 315/370 [00:33<00:05,  9.38it/s]
inference:  85%|████████▌ | 316/370 [00:33<00:05,  9.27it/s]
inference:  86%|████████▌ | 317/370 [00:33<00:05,  9.36it/s]
inference:  86%|████████▌ | 318/370 [00:34<00:05,  9.26it/s]
inference:  86%|████████▌ | 319/370 [00:34<00:05,  9.43it/s]
inference:  86%|████████▋ | 320/370 [00:34<00:05,  9.33it/s]
inference:  87%|████████▋ | 321/370 [00:34<00:05,  9.48it/s]
inference:  87%|████████▋ | 322/370 [00:34<00:05,  9.37it/s]
inference:  87%|████████▋ | 323/370 [00:34<00:04,  9.51it/s]
inference:  88%|████████▊ | 324/370 [00:34<00:04,  9.38it/s]
inference:  88%|████████▊ | 325/370 [00:34<00:04,  9.52it/s]
inference:  88%|████████▊ | 326/370 [00:34<00:04,  9.39it/s]
inference:  88%|████████▊ | 327/370 [00:35<00:04,  9.53it/s]
inference:  89%|████████▊ | 328/370 [00:35<00:04,  9.42it/s]
inference:  89%|████████▉ | 329/370 [00:35<00:04,  9.47it/s]
inference:  89%|████████▉ | 330/370 [00:35<00:04,  9.29it/s]
inference:  89%|████████▉ | 331/370 [00:35<00:04,  9.45it/s]
inference:  90%|████████▉ | 332/370 [00:35<00:04,  9.33it/s]
inference:  90%|█████████ | 333/370 [00:35<00:03,  9.48it/s]
inference:  90%|█████████ | 334/370 [00:35<00:03,  9.37it/s]
inference:  91%|█████████ | 335/370 [00:35<00:03,  9.52it/s]
inference:  91%|█████████ | 336/370 [00:35<00:03,  9.39it/s]
inference:  91%|█████████ | 337/370 [00:36<00:03,  9.47it/s]
inference:  91%|█████████▏| 338/370 [00:36<00:03,  9.28it/s]
inference:  92%|█████████▏| 339/370 [00:36<00:03,  9.42it/s]
inference:  92%|█████████▏| 340/370 [00:36<00:03,  9.32it/s]
inference:  92%|█████████▏| 341/370 [00:36<00:03,  9.45it/s]
inference:  92%|█████████▏| 342/370 [00:36<00:02,  9.37it/s]
inference:  93%|█████████▎| 343/370 [00:36<00:02,  9.47it/s]
inference:  93%|█████████▎| 344/370 [00:36<00:02,  9.35it/s]
inference:  93%|█████████▎| 345/370 [00:36<00:02,  9.44it/s]
inference:  94%|█████████▎| 346/370 [00:37<00:02,  9.26it/s]
inference:  94%|█████████▍| 347/370 [00:37<00:02,  9.44it/s]
inference:  94%|█████████▍| 348/370 [00:37<00:02,  9.34it/s]
inference:  94%|█████████▍| 349/370 [00:37<00:02,  9.38it/s]
inference:  95%|█████████▍| 350/370 [00:37<00:02,  9.30it/s]
inference:  95%|█████████▍| 351/370 [00:37<00:02,  9.43it/s]
inference:  95%|█████████▌| 352/370 [00:37<00:01,  9.28it/s]
inference:  95%|█████████▌| 353/370 [00:37<00:01,  9.42it/s]
inference:  96%|█████████▌| 354/370 [00:37<00:01,  9.28it/s]
inference:  96%|█████████▌| 355/370 [00:38<00:01,  9.43it/s]
inference:  96%|█████████▌| 356/370 [00:38<00:01,  9.31it/s]
inference:  96%|█████████▋| 357/370 [00:38<00:01,  9.43it/s]
inference:  97%|█████████▋| 358/370 [00:38<00:01,  9.30it/s]
inference:  97%|█████████▋| 359/370 [00:38<00:01,  9.39it/s]
inference:  97%|█████████▋| 360/370 [00:38<00:01,  9.30it/s]
inference:  98%|█████████▊| 361/370 [00:38<00:00,  9.39it/s]
inference:  98%|█████████▊| 362/370 [00:38<00:00,  9.29it/s]
inference:  98%|█████████▊| 363/370 [00:38<00:00,  9.45it/s]
inference:  98%|█████████▊| 364/370 [00:38<00:00,  9.33it/s]
inference:  99%|█████████▊| 365/370 [00:39<00:00,  9.44it/s]
inference:  99%|█████████▉| 366/370 [00:39<00:00,  9.34it/s]
inference:  99%|█████████▉| 367/370 [00:39<00:00,  9.43it/s]
inference:  99%|█████████▉| 368/370 [00:39<00:00,  9.25it/s]
inference: 100%|█████████▉| 369/370 [00:39<00:00,  9.39it/s]
inference: 100%|██████████| 370/370 [00:39<00:00,  9.34it/s]
submission shaping {'t0': 0.0296075, 'thin': False, 'hard': True, 'gamma': 1.0, 'mean_heldout_dti': 0.0789948400091546, 'mean_heldout_dti_raw': 0.03766736338893614, 'n_splits_used': 1, 'search': [{'t0': 0.0, 'thin': False, 'mean_dti': 0.025932058434711323}, {'t0': 0.0, 'thin': True, 'mean_dti': 0.0347398531848128}, {'t0': 0.0001, 'thin': False, 'mean_dti': 0.025932058434711323}, {'t0': 0.0001, 'thin': True, 'mean_dti': 0.0347398531848128}, {'t0': 0.00031209, 'thin': False, 'mean_dti': 0.025932058434711323}, {'t0': 0.00031209, 'thin': True, 'mean_dti': 0.0347398531848128}, {'t0': 0.000974004, 'thin': False, 'mean_dti': 0.025932058434711323}, {'t0': 0.000974004, 'thin': True, 'mean_dti': 0.0347398531848128}, {'t0': 0.00303977, 'thin': False, 'mean_dti': 0.07418757204679446}, {'t0': 0.00303977, 'thin': True, 'mean_dti': 0.02603222440302002}, {'t0': 0.00948683, 'thin': False, 'mean_dti': 0.07487122033892488}, {'t0': 0.00948683, 'thin': True, 'mean_dti': 0.023954725369220744}, {'t0': 0.0296075, 'thin': False, 'mean_dti': 0.0789948400091546}, {'t0': 0.0296075, 'thin': True, 'mean_dti': 0.02921003488131116}, {'t0': 0.0924021, 'thin': False, 'mean_dti': 0.07406581437112918}, {'t0': 0.0924021, 'thin': True, 'mean_dti': 0.06997431737379198}, {'t0': 0.288378, 'thin': False, 'mean_dti': 0.0}, {'t0': 0.288378, 'thin': True, 'mean_dti': 0.0}, {'t0': 0.9, 'thin': False, 'mean_dti': 0.0}, {'t0': 0.9, 'thin': True, 'mean_dti': 0.0}], 'note': 'floor+thin by pooled held-out mean DTI; src/submission_optim.py'}: probability mass 253543 -> 5055938
grid from sample submission data/sample_submission.tif: 3292x3730 EPSG:32611 float32
wrote submission.tif  valid_px=5165852/12279160 nonzero=5048634 mass=5048634.0 tiled=True blocks=[[256, 256]]
wrote inference_summary.json  (mass 253543 -> 5048634)
LOCAL DTI vs training labels = 0.0585 (TP=60228 FP=4841745 FN=760) - optimistic: these are the labels the model was trained on
