[combine] t0=0 dil=0 k=1 proxy=0.0585 catalogue=0.0580 px=5,167,373
[combine] t0=0 dil=0 k=2 proxy=0.0585 catalogue=0.0580 px=5,167,373
[combine] t0=0.0001 dil=0 k=1 proxy=0.0585 catalogue=0.0580 px=5,167,373
[combine] t0=0.0001 dil=0 k=2 proxy=0.0585 catalogue=0.0580 px=5,167,373
[combine] t0=0.000170845 dil=0 k=1 proxy=0.0585 catalogue=0.0580 px=5,167,373
[combine] t0=0.000170845 dil=0 k=2 proxy=0.0585 catalogue=0.0580 px=5,167,373
[combine] t0=0.00029188 dil=0 k=1 proxy=0.0585 catalogue=0.0580 px=5,167,373
[combine] t0=0.00029188 dil=0 k=2 proxy=0.0585 catalogue=0.0580 px=5,167,286
[combine] t0=0.000498663 dil=0 k=1 proxy=0.0585 catalogue=0.0580 px=5,167,373
[combine] t0=0.000498663 dil=0 k=2 proxy=0.0586 catalogue=0.0580 px=5,161,813
[combine] t0=0.000851942 dil=0 k=1 proxy=0.0585 catalogue=0.0580 px=5,167,123
[combine] t0=0.000851942 dil=0 k=2 proxy=0.0587 catalogue=0.0582 px=5,145,951
[combine] t0=0.0014555 dil=0 k=1 proxy=0.0586 catalogue=0.0580 px=5,162,407
[combine] t0=0.0014555 dil=0 k=2 proxy=0.0593 catalogue=0.0587 px=5,099,718
[combine] t0=0.00248665 dil=0 k=1 proxy=0.0587 catalogue=0.0582 px=5,147,019
[combine] t0=0.00248665 dil=0 k=2 proxy=0.0605 catalogue=0.0598 px=4,991,142
[combine] t0=0.00424832 dil=0 k=1 proxy=0.0593 catalogue=0.0588 px=5,094,089
[combine] t0=0.00424832 dil=0 k=2 proxy=0.0634 catalogue=0.0619 px=4,760,164
[combine] t0=0.00725805 dil=0 k=1 proxy=0.0608 catalogue=0.0602 px=4,964,589
[combine] t0=0.00725805 dil=0 k=2 proxy=0.0687 catalogue=0.0657 px=4,373,111
[combine] t0=0.0124 dil=0 k=1 proxy=0.0641 catalogue=0.0634 px=4,700,239
[combine] t0=0.0124 dil=0 k=2 proxy=0.0771 catalogue=0.0713 px=3,870,567
[combine] t0=0.0211848 dil=0 k=1 proxy=0.0707 catalogue=0.0692 px=4,243,194
[combine] t0=0.0211848 dil=0 k=2 proxy=0.0878 catalogue=0.0769 px=3,348,193
[combine] t0=0.0361932 dil=0 k=1 proxy=0.0806 catalogue=0.0767 px=3,681,865
[combine] t0=0.0361932 dil=0 k=2 proxy=0.1011 catalogue=0.0815 px=2,810,947
[combine] t0=0.0618344 dil=0 k=1 proxy=0.0938 catalogue=0.0852 px=3,085,207
[combine] t0=0.0618344 dil=0 k=2 proxy=0.1235 catalogue=0.0897 px=2,123,758
[combine] t0=0.105641 dil=0 k=1 proxy=0.1186 catalogue=0.1011 px=2,271,321
[combine] t0=0.105641 dil=0 k=2 proxy=0.1684 catalogue=0.1068 px=1,258,190
[combine] t0=0.180482 dil=0 k=1 proxy=0.1652 catalogue=0.1326 px=1,320,526
[combine] t0=0.180482 dil=0 k=2 proxy=0.2339 catalogue=0.1252 px=469,044
[combine] t0=0.308345 dil=0 k=1 proxy=0.1982 catalogue=0.1733 px=638,964
[combine] t0=0.308345 dil=0 k=2 proxy=0.1761 catalogue=0.1066 px=92,906
[combine] t0=0.526793 dil=0 k=1 proxy=0.1724 catalogue=0.1905 px=365,217
[combine] t0=0.526793 dil=0 k=2 proxy=0.0371 catalogue=0.0390 px=9,743
[combine] t0=0.9 dil=0 k=1 proxy=0.1479 catalogue=0.1940 px=325,165
[combine] t0=0.9 dil=0 k=2 proxy=0.0099 catalogue=0.0214 px=3,698
[combine] selected t0=0.180482 dilate=0 k=2 proxy_dti=0.2339
[combine] wrote data/evidence/union_po_loo/drop_nff45/submission.tif (579,554 B, sha256 948742576c8ee488...)
[combine] suggested Note: nff-po-drop-nff45 · union k=2 of 5 members (t0=0.18, w=0)
