[combine] t0=0 dil=0 k=1 proxy=0.0585 catalogue=0.0580 px=5,167,373
[combine] t0=0 dil=0 k=2 proxy=0.0585 catalogue=0.0580 px=5,167,373
[combine] t0=0.0001 dil=0 k=1 proxy=0.0585 catalogue=0.0580 px=5,167,373
[combine] t0=0.0001 dil=0 k=2 proxy=0.0585 catalogue=0.0580 px=5,167,368
[combine] t0=0.000170845 dil=0 k=1 proxy=0.0585 catalogue=0.0580 px=5,167,373
[combine] t0=0.000170845 dil=0 k=2 proxy=0.0585 catalogue=0.0580 px=5,166,903
[combine] t0=0.00029188 dil=0 k=1 proxy=0.0585 catalogue=0.0580 px=5,167,373
[combine] t0=0.00029188 dil=0 k=2 proxy=0.0585 catalogue=0.0580 px=5,163,636
[combine] t0=0.000498663 dil=0 k=1 proxy=0.0585 catalogue=0.0580 px=5,167,373
[combine] t0=0.000498663 dil=0 k=2 proxy=0.0587 catalogue=0.0581 px=5,152,839
[combine] t0=0.000851942 dil=0 k=1 proxy=0.0585 catalogue=0.0580 px=5,166,956
[combine] t0=0.000851942 dil=0 k=2 proxy=0.0589 catalogue=0.0583 px=5,132,530
[combine] t0=0.0014555 dil=0 k=1 proxy=0.0586 catalogue=0.0580 px=5,162,504
[combine] t0=0.0014555 dil=0 k=2 proxy=0.0595 catalogue=0.0589 px=5,078,711
[combine] t0=0.00248665 dil=0 k=1 proxy=0.0587 catalogue=0.0582 px=5,147,111
[combine] t0=0.00248665 dil=0 k=2 proxy=0.0607 catalogue=0.0600 px=4,976,356
[combine] t0=0.00424832 dil=0 k=1 proxy=0.0593 catalogue=0.0588 px=5,095,072
[combine] t0=0.00424832 dil=0 k=2 proxy=0.0632 catalogue=0.0618 px=4,771,056
[combine] t0=0.00725805 dil=0 k=1 proxy=0.0608 catalogue=0.0602 px=4,968,436
[combine] t0=0.00725805 dil=0 k=2 proxy=0.0680 catalogue=0.0651 px=4,420,989
[combine] t0=0.0124 dil=0 k=1 proxy=0.0641 catalogue=0.0633 px=4,704,425
[combine] t0=0.0124 dil=0 k=2 proxy=0.0757 catalogue=0.0706 px=3,936,519
[combine] t0=0.0211848 dil=0 k=1 proxy=0.0707 catalogue=0.0691 px=4,244,680
[combine] t0=0.0211848 dil=0 k=2 proxy=0.0867 catalogue=0.0772 px=3,366,142
[combine] t0=0.0361932 dil=0 k=1 proxy=0.0807 catalogue=0.0768 px=3,673,447
[combine] t0=0.0361932 dil=0 k=2 proxy=0.1007 catalogue=0.0847 px=2,782,515
[combine] t0=0.0618344 dil=0 k=1 proxy=0.0945 catalogue=0.0863 px=3,043,156
[combine] t0=0.0618344 dil=0 k=2 proxy=0.1248 catalogue=0.0993 px=2,011,812
[combine] t0=0.105641 dil=0 k=1 proxy=0.1220 catalogue=0.1067 px=2,132,271
[combine] t0=0.105641 dil=0 k=2 proxy=0.1722 catalogue=0.1329 px=1,047,870
[combine] t0=0.180482 dil=0 k=1 proxy=0.1704 catalogue=0.1515 px=1,112,917
[combine] t0=0.180482 dil=0 k=2 proxy=0.2096 catalogue=0.1713 px=332,544
[combine] t0=0.308345 dil=0 k=1 proxy=0.1832 catalogue=0.2016 px=503,955
[combine] t0=0.308345 dil=0 k=2 proxy=0.1079 catalogue=0.1312 px=65,546
[combine] t0=0.526793 dil=0 k=1 proxy=0.1523 catalogue=0.1977 px=341,267
[combine] t0=0.526793 dil=0 k=2 proxy=0.0202 catalogue=0.0419 px=9,404
[combine] t0=0.9 dil=0 k=1 proxy=0.1479 catalogue=0.1940 px=325,165
[combine] t0=0.9 dil=0 k=2 proxy=0.0099 catalogue=0.0214 px=3,698
[combine] selected t0=0.180482 dilate=0 k=2 proxy_dti=0.2096
[combine] wrote data/evidence/union_po_loo/drop_po46/submission.tif (548,834 B, sha256 19de9950ceffbdf7...)
[combine] suggested Note: nff-po-drop-po46 · union k=2 of 5 members (t0=0.18, w=0)
