[combine] t0=0 dil=0 k=1 proxy=0.0585 catalogue=0.0580 px=5,167,373
[combine] t0=0 dil=0 k=2 proxy=0.0585 catalogue=0.0580 px=5,167,373
[combine] t0=0.0001 dil=0 k=1 proxy=0.0585 catalogue=0.0580 px=5,167,373
[combine] t0=0.0001 dil=0 k=2 proxy=0.0585 catalogue=0.0580 px=5,167,373
[combine] t0=0.000170845 dil=0 k=1 proxy=0.0585 catalogue=0.0580 px=5,167,373
[combine] t0=0.000170845 dil=0 k=2 proxy=0.0585 catalogue=0.0580 px=5,167,373
[combine] t0=0.00029188 dil=0 k=1 proxy=0.0585 catalogue=0.0580 px=5,167,373
[combine] t0=0.00029188 dil=0 k=2 proxy=0.0585 catalogue=0.0580 px=5,167,288
[combine] t0=0.000498663 dil=0 k=1 proxy=0.0585 catalogue=0.0580 px=5,167,373
[combine] t0=0.000498663 dil=0 k=2 proxy=0.0586 catalogue=0.0580 px=5,162,106
[combine] t0=0.000851942 dil=0 k=1 proxy=0.0585 catalogue=0.0580 px=5,167,111
[combine] t0=0.000851942 dil=0 k=2 proxy=0.0587 catalogue=0.0582 px=5,147,241
[combine] t0=0.0014555 dil=0 k=1 proxy=0.0586 catalogue=0.0580 px=5,162,188
[combine] t0=0.0014555 dil=0 k=2 proxy=0.0592 catalogue=0.0587 px=5,103,632
[combine] t0=0.00248665 dil=0 k=1 proxy=0.0587 catalogue=0.0582 px=5,145,848
[combine] t0=0.00248665 dil=0 k=2 proxy=0.0604 catalogue=0.0597 px=5,001,747
[combine] t0=0.00424832 dil=0 k=1 proxy=0.0594 catalogue=0.0588 px=5,090,480
[combine] t0=0.00424832 dil=0 k=2 proxy=0.0628 catalogue=0.0614 px=4,808,211
[combine] t0=0.00725805 dil=0 k=1 proxy=0.0609 catalogue=0.0603 px=4,959,700
[combine] t0=0.00725805 dil=0 k=2 proxy=0.0670 catalogue=0.0643 px=4,488,387
[combine] t0=0.0124 dil=0 k=1 proxy=0.0642 catalogue=0.0635 px=4,691,250
[combine] t0=0.0124 dil=0 k=2 proxy=0.0740 catalogue=0.0691 px=4,038,292
[combine] t0=0.0211848 dil=0 k=1 proxy=0.0710 catalogue=0.0694 px=4,225,693
[combine] t0=0.0211848 dil=0 k=2 proxy=0.0834 catalogue=0.0744 px=3,545,862
[combine] t0=0.0361932 dil=0 k=1 proxy=0.0812 catalogue=0.0771 px=3,653,494
[combine] t0=0.0361932 dil=0 k=2 proxy=0.0953 catalogue=0.0798 px=3,032,602
[combine] t0=0.0618344 dil=0 k=1 proxy=0.0948 catalogue=0.0859 px=3,041,974
[combine] t0=0.0618344 dil=0 k=2 proxy=0.1163 catalogue=0.0888 px=2,335,199
[combine] t0=0.105641 dil=0 k=1 proxy=0.1213 catalogue=0.1029 px=2,200,623
[combine] t0=0.105641 dil=0 k=2 proxy=0.1616 catalogue=0.1092 px=1,398,086
[combine] t0=0.180482 dil=0 k=1 proxy=0.1723 catalogue=0.1383 px=1,214,827
[combine] t0=0.180482 dil=0 k=2 proxy=0.2277 catalogue=0.1369 px=519,613
[combine] t0=0.308345 dil=0 k=1 proxy=0.2049 catalogue=0.1919 px=502,388
[combine] t0=0.308345 dil=0 k=2 proxy=0.1567 catalogue=0.1149 px=98,278
[combine] t0=0.526793 dil=0 k=1 proxy=0.1452 catalogue=0.2229 px=214,975
[combine] t0=0.526793 dil=0 k=2 proxy=0.0207 catalogue=0.0230 px=6,910
[combine] t0=0.9 dil=0 k=1 proxy=0.0999 catalogue=0.2298 px=172,974
[combine] t0=0.9 dil=0 k=2 proxy=0.0000 catalogue=0.0000 px=0
[combine] selected t0=0.180482 dilate=0 k=2 proxy_dti=0.2277
[combine] wrote data/evidence/union_po_loo/drop_classical/submission.tif (575,784 B, sha256 60e39a01b81e94fd...)
[combine] suggested Note: nff-po-drop-classical · union k=2 of 5 members (t0=0.18, w=0)
