[combine] t0=0 dil=0 k=1 proxy=0.0585 catalogue=0.0580 px=5,167,373
[combine] t0=0 dil=0 k=2 proxy=0.0585 catalogue=0.0580 px=5,167,373
[combine] t0=0.0001 dil=0 k=1 proxy=0.0585 catalogue=0.0580 px=5,167,373
[combine] t0=0.0001 dil=0 k=2 proxy=0.0585 catalogue=0.0580 px=5,167,373
[combine] t0=0.000170845 dil=0 k=1 proxy=0.0585 catalogue=0.0580 px=5,167,373
[combine] t0=0.000170845 dil=0 k=2 proxy=0.0585 catalogue=0.0580 px=5,167,373
[combine] t0=0.00029188 dil=0 k=1 proxy=0.0585 catalogue=0.0580 px=5,167,373
[combine] t0=0.00029188 dil=0 k=2 proxy=0.0585 catalogue=0.0580 px=5,167,288
[combine] t0=0.000498663 dil=0 k=1 proxy=0.0585 catalogue=0.0580 px=5,167,373
[combine] t0=0.000498663 dil=0 k=2 proxy=0.0586 catalogue=0.0580 px=5,162,212
[combine] t0=0.000851942 dil=0 k=1 proxy=0.0585 catalogue=0.0580 px=5,167,124
[combine] t0=0.000851942 dil=0 k=2 proxy=0.0587 catalogue=0.0582 px=5,147,813
[combine] t0=0.0014555 dil=0 k=1 proxy=0.0586 catalogue=0.0580 px=5,162,513
[combine] t0=0.0014555 dil=0 k=2 proxy=0.0592 catalogue=0.0586 px=5,105,424
[combine] t0=0.00248665 dil=0 k=1 proxy=0.0587 catalogue=0.0582 px=5,147,406
[combine] t0=0.00248665 dil=0 k=2 proxy=0.0603 catalogue=0.0597 px=5,006,726
[combine] t0=0.00424832 dil=0 k=1 proxy=0.0593 catalogue=0.0588 px=5,095,739
[combine] t0=0.00424832 dil=0 k=2 proxy=0.0627 catalogue=0.0613 px=4,814,911
[combine] t0=0.00725805 dil=0 k=1 proxy=0.0608 catalogue=0.0602 px=4,969,850
[combine] t0=0.00725805 dil=0 k=2 proxy=0.0669 catalogue=0.0641 px=4,495,347
[combine] t0=0.0124 dil=0 k=1 proxy=0.0640 catalogue=0.0633 px=4,706,925
[combine] t0=0.0124 dil=0 k=2 proxy=0.0739 catalogue=0.0687 px=4,045,161
[combine] t0=0.0211848 dil=0 k=1 proxy=0.0706 catalogue=0.0689 px=4,247,619
[combine] t0=0.0211848 dil=0 k=2 proxy=0.0833 catalogue=0.0737 px=3,548,824
[combine] t0=0.0361932 dil=0 k=1 proxy=0.0805 catalogue=0.0761 px=3,679,326
[combine] t0=0.0361932 dil=0 k=2 proxy=0.0952 catalogue=0.0783 px=3,028,654
[combine] t0=0.0618344 dil=0 k=1 proxy=0.0939 catalogue=0.0836 px=3,067,128
[combine] t0=0.0618344 dil=0 k=2 proxy=0.1164 catalogue=0.0856 px=2,323,819
[combine] t0=0.105641 dil=0 k=1 proxy=0.1197 catalogue=0.0966 px=2,214,925
[combine] t0=0.105641 dil=0 k=2 proxy=0.1628 catalogue=0.1027 px=1,384,433
[combine] t0=0.180482 dil=0 k=1 proxy=0.1713 catalogue=0.1179 px=1,209,551
[combine] t0=0.180482 dil=0 k=2 proxy=0.2325 catalogue=0.1203 px=511,996
[combine] t0=0.308345 dil=0 k=1 proxy=0.2085 catalogue=0.1252 px=487,494
[combine] t0=0.308345 dil=0 k=2 proxy=0.1688 catalogue=0.0904 px=97,196
[combine] t0=0.526793 dil=0 k=1 proxy=0.1617 catalogue=0.0809 px=198,174
[combine] t0=0.526793 dil=0 k=2 proxy=0.0249 catalogue=0.0150 px=6,802
[combine] t0=0.9 dil=0 k=1 proxy=0.1191 catalogue=0.0611 px=155,889
[combine] t0=0.9 dil=0 k=2 proxy=0.0000 catalogue=0.0000 px=0
[combine] selected t0=0.180482 dilate=0 k=2 proxy_dti=0.2325
[combine] wrote data/evidence/union_po_loo/drop_deep11/submission.tif (567,944 B, sha256 c656cc4e2278cc1f...)
[combine] suggested Note: nff-po-drop-deep11 · union k=2 of 5 members (t0=0.18, w=0)
